// This thrift spec was auto-generated.
// Command: ./jsonschema2go -gen thrift testdata/nvd/nvd_cve_feed_json_1.0.schema

namespace go schema
namespace py schema

// NVDCVEFeedJSON10DefCPEName was auto-generated.
// CPE name.
struct NVDCVEFeedJSON10DefCPEName {
 1: optional string cpe22Uri;
 2: required string cpe23Uri;
}

// NVDCVEFeedJSON10DefCPEMatch was auto-generated.
// CPE match string or range.
struct NVDCVEFeedJSON10DefCPEMatch {
 1: optional string cpe22Uri;
 2: required string cpe23Uri;
 3: optional list<NVDCVEFeedJSON10DefCPEName> cpe_name;
 4: optional string versionEndExcluding;
 5: optional string versionEndIncluding;
 6: optional string versionStartExcluding;
 7: optional string versionStartIncluding;
 8: required bool vulnerable;
}

// NVDCVEFeedJSON10DefNode was auto-generated.
// Defines a node or sub-node in an NVD applicability statement.
struct NVDCVEFeedJSON10DefNode {
 1: optional list<NVDCVEFeedJSON10DefNode> children;
 2: optional list<NVDCVEFeedJSON10DefCPEMatch> cpe_match;
 3: optional bool negate;
 4: optional string operator;
}

// NVDCVEFeedJSON10DefConfigurations was auto-generated.
// Defines the set of product configurations for a NVD applicability statement.
struct NVDCVEFeedJSON10DefConfigurations {
 1: required string CVE_data_version;
 2: optional list<NVDCVEFeedJSON10DefNode> nodes;
}

// CVEJSON40CVEDataMeta was auto-generated.
struct CVEJSON40CVEDataMeta {
 1: required string ASSIGNER;
 2: required string ID;
 3: optional string STATE;
}

// CVEJSON40ProductVersionVersionData was auto-generated.
struct CVEJSON40ProductVersionVersionData {
 1: optional string version_affected;
 2: required string version_value;
}

// CVEJSON40ProductVersion was auto-generated.
struct CVEJSON40ProductVersion {
 1: required list<CVEJSON40ProductVersionVersionData> version_data;
}

// CVEJSON40Product was auto-generated.
struct CVEJSON40Product {
 1: required string product_name;
 2: required CVEJSON40ProductVersion version;
}

// CVEJSON40AffectsVendorVendorDataProduct was auto-generated.
struct CVEJSON40AffectsVendorVendorDataProduct {
 1: required list<CVEJSON40Product> product_data;
}

// CVEJSON40AffectsVendorVendorData was auto-generated.
struct CVEJSON40AffectsVendorVendorData {
 1: required CVEJSON40AffectsVendorVendorDataProduct product;
 2: required string vendor_name;
}

// CVEJSON40AffectsVendor was auto-generated.
struct CVEJSON40AffectsVendor {
 1: required list<CVEJSON40AffectsVendorVendorData> vendor_data;
}

// CVEJSON40Affects was auto-generated.
struct CVEJSON40Affects {
 1: required CVEJSON40AffectsVendor vendor;
}

// CVEJSON40LangString was auto-generated.
struct CVEJSON40LangString {
 1: required string lang;
 2: required string value;
}

// CVEJSON40Description was auto-generated.
struct CVEJSON40Description {
 1: required list<CVEJSON40LangString> description_data;
}

// CVEJSON40ProblemtypeProblemtypeData was auto-generated.
struct CVEJSON40ProblemtypeProblemtypeData {
 1: required list<CVEJSON40LangString> description;
}

// CVEJSON40Problemtype was auto-generated.
struct CVEJSON40Problemtype {
 1: required list<CVEJSON40ProblemtypeProblemtypeData> problemtype_data;
}

// CVEJSON40Reference was auto-generated.
struct CVEJSON40Reference {
 1: optional string name;
 2: optional string refsource;
 3: optional list<string> tags;
 4: required string url;
}

// CVEJSON40References was auto-generated.
struct CVEJSON40References {
 1: required list<CVEJSON40Reference> reference_data;
}

// CVEJSON40 was auto-generated.
// Source: testdata/nvd/CVE_JSON_4.0_min.schema
struct CVEJSON40 {
 1: required CVEJSON40CVEDataMeta CVE_data_meta;
 2: required CVEJSON40Affects affects;
 3: required string data_format;
 4: required string data_type;
 5: required string data_version;
 6: required CVEJSON40Description description;
 7: required CVEJSON40Problemtype problemtype;
 8: required CVEJSON40References references;
}

// CVSSV20 was auto-generated.
// Source: testdata/nvd/cvss-v2.0.json
struct CVSSV20 {
 1: optional string accessComplexity;
 2: optional string accessVector;
 3: optional string authentication;
 4: optional string availabilityImpact;
 5: optional string availabilityRequirement;
 6: required double baseScore;
 7: optional string collateralDamagePotential;
 8: optional string confidentialityImpact;
 9: optional string confidentialityRequirement;
 10: optional double environmentalScore;
 11: optional string exploitability;
 12: optional string integrityImpact;
 13: optional string integrityRequirement;
 14: optional string remediationLevel;
 15: optional string reportConfidence;
 16: optional string targetDistribution;
 17: optional double temporalScore;
 18: required string vectorString;
 19: required string version;
}

// NVDCVEFeedJSON10DefImpactBaseMetricV2 was auto-generated.
// CVSS V2.0 score.
struct NVDCVEFeedJSON10DefImpactBaseMetricV2 {
 1: optional bool acInsufInfo;
 2: optional CVSSV20 cvssV2;
 3: optional double exploitabilityScore;
 4: optional double impactScore;
 5: optional bool obtainAllPrivilege;
 6: optional bool obtainOtherPrivilege;
 7: optional bool obtainUserPrivilege;
 8: optional string severity;
 9: optional bool userInteractionRequired;
}

// CVSSV30 was auto-generated.
// Source: testdata/nvd/cvss-v3.0.json
struct CVSSV30 {
 1: optional string attackComplexity;
 2: optional string attackVector;
 3: optional string availabilityImpact;
 4: optional string availabilityRequirement;
 5: required double baseScore;
 6: required string baseSeverity;
 7: optional string confidentialityImpact;
 8: optional string confidentialityRequirement;
 9: optional double environmentalScore;
 10: optional string environmentalSeverity;
 11: optional string exploitCodeMaturity;
 12: optional string integrityImpact;
 13: optional string integrityRequirement;
 14: optional string modifiedAttackComplexity;
 15: optional string modifiedAttackVector;
 16: optional string modifiedAvailabilityImpact;
 17: optional string modifiedConfidentialityImpact;
 18: optional string modifiedIntegrityImpact;
 19: optional string modifiedPrivilegesRequired;
 20: optional string modifiedScope;
 21: optional string modifiedUserInteraction;
 22: optional string privilegesRequired;
 23: optional string remediationLevel;
 24: optional string reportConfidence;
 25: optional string scope;
 26: optional double temporalScore;
 27: optional string temporalSeverity;
 28: optional string userInteraction;
 29: required string vectorString;
 30: required string version;
}

// NVDCVEFeedJSON10DefImpactBaseMetricV3 was auto-generated.
// CVSS V3.0 score.
struct NVDCVEFeedJSON10DefImpactBaseMetricV3 {
 1: optional CVSSV30 cvssV3;
 2: optional double exploitabilityScore;
 3: optional double impactScore;
}

// NVDCVEFeedJSON10DefImpact was auto-generated.
// Impact scores for a vulnerability as found on NVD.
struct NVDCVEFeedJSON10DefImpact {
 1: optional NVDCVEFeedJSON10DefImpactBaseMetricV2 baseMetricV2;
 2: optional NVDCVEFeedJSON10DefImpactBaseMetricV3 baseMetricV3;
}

// NVDCVEFeedJSON10DefCVEItem was auto-generated.
// Defines a vulnerability in the NVD data feed.
struct NVDCVEFeedJSON10DefCVEItem {
 1: optional NVDCVEFeedJSON10DefConfigurations configurations;
 2: required CVEJSON40 cve;
 3: optional NVDCVEFeedJSON10DefImpact impact;
 4: optional string lastModifiedDate;
 5: optional string publishedDate;
}

// NVDCVEFeedJSON10 was auto-generated.
// Source: testdata/nvd/nvd_cve_feed_json_1.0.schema
struct NVDCVEFeedJSON10 {
 1: required list<NVDCVEFeedJSON10DefCVEItem> CVE_Items;
 2: required string CVE_data_format;
 3: optional string CVE_data_numberOfCVEs;
 4: optional string CVE_data_timestamp;
 5: required string CVE_data_type;
 6: required string CVE_data_version;
}

